Enter File to load: 
-------------------------
| 2   8 |     3 | 5     | 
|   1   |   7   | 4     | 
| 7 4 9 |     5 | 1     | 
-------------------------
|     3 |   5   | 6   4 | 
| 4     | 8   9 |     1 | 
| 9   1 |   4   | 2     | 
-------------------------
|     2 | 5     | 8 6 7 | 
|     4 |   9   |   1   | 
|     7 | 1     | 9   5 | 
-------------------------
Enter move: ERROR: Column numbers should be 1-9
-------------------------
| 2   8 |     3 | 5     | 
|   1   |   7   | 4     | 
| 7 4 9 |     5 | 1     | 
-------------------------
|     3 |   5   | 6   4 | 
| 4     | 8   9 |     1 | 
| 9   1 |   4   | 2     | 
-------------------------
|     2 | 5     | 8 6 7 | 
|     4 |   9   |   1   | 
|     7 | 1     | 9   5 | 
-------------------------
Enter move: ERROR: Row numbers should be 1-9
-------------------------
| 2   8 |     3 | 5     | 
|   1   |   7   | 4     | 
| 7 4 9 |     5 | 1     | 
-------------------------
|     3 |   5   | 6   4 | 
| 4     | 8   9 |     1 | 
| 9   1 |   4   | 2     | 
-------------------------
|     2 | 5     | 8 6 7 | 
|     4 |   9   |   1   | 
|     7 | 1     | 9   5 | 
-------------------------
Enter move: ERROR! Cell is not empty!
-------------------------
| 2   8 |     3 | 5     | 
|   1   |   7   | 4     | 
| 7 4 9 |     5 | 1     | 
-------------------------
|     3 |   5   | 6   4 | 
| 4     | 8   9 |     1 | 
| 9   1 |   4   | 2     | 
-------------------------
|     2 | 5     | 8 6 7 | 
|     4 |   9   |   1   | 
|     7 | 1     | 9   5 | 
-------------------------
Enter move: ERROR: Column numbers should be 1-9
-------------------------
| 2   8 |     3 | 5     | 
|   1   |   7   | 4     | 
| 7 4 9 |     5 | 1     | 
-------------------------
|     3 |   5   | 6   4 | 
| 4     | 8   9 |     1 | 
| 9   1 |   4   | 2     | 
-------------------------
|     2 | 5     | 8 6 7 | 
|     4 |   9   |   1   | 
|     7 | 1     | 9   5 | 
-------------------------
Enter move: 